../SubGHz_Phy/App/subghz_phy_app.c:163:13:APP_Menu	16	static
../SubGHz_Phy/App/subghz_phy_app.c:243:6:Aplicar_Nuevos_Parametros	56	static
../SubGHz_Phy/App/subghz_phy_app.c:265:6:SubghzApp_Init	56	static
../SubGHz_Phy/App/subghz_phy_app.c:351:13:OnTxDone	8	static
../SubGHz_Phy/App/subghz_phy_app.c:369:13:OnRxDone	40	static
../SubGHz_Phy/App/subghz_phy_app.c:409:13:OnTxTimeout	8	static
../SubGHz_Phy/App/subghz_phy_app.c:419:13:OnRxTimeout	8	static
../SubGHz_Phy/App/subghz_phy_app.c:432:13:OnRxError	8	static
../SubGHz_Phy/App/subghz_phy_app.c:443:13:PingPong_Process	32	static
../SubGHz_Phy/App/subghz_phy_app.c:549:13:OnledEvent	16	static
