../Drivers/STM32WLxx_HAL_Driver/Inc/stm32wlxx_ll_bus.h:449:22:LL_AHB2_GRP1_EnableClock	24	static
../Drivers/BSP/RAK3172_board/RAK3172_radio.c:48:9:BSP_RADIO_Init	32	static
../Drivers/BSP/RAK3172_board/RAK3172_radio.c:84:9:BSP_RADIO_DeInit	8	static
../Drivers/BSP/RAK3172_board/RAK3172_radio.c:108:9:BSP_RADIO_ConfigRFSwitch	16	static
../Drivers/BSP/RAK3172_board/RAK3172_radio.c:154:9:BSP_RADIO_GetTxConfig	4	static
../Drivers/BSP/RAK3172_board/RAK3172_radio.c:166:9:BSP_RADIO_IsTCXO	4	static
../Drivers/BSP/RAK3172_board/RAK3172_radio.c:178:9:BSP_RADIO_IsDCDC	4	static
../Drivers/BSP/RAK3172_board/RAK3172_radio.c:189:9:BSP_RADIO_GetRFOMaxPowerConfig	24	static
